// Jest Snapshot v1, https://goo.gl/fbAQLP

exports[`routes should render routes schema 1`] = `
<div
  id="ReactRouter.Switch"
>
  <div
    id="PublicLayout"
    path={
      Array [
        "/login",
      ]
    }
  >
    <div
      allowAuthenticated={true}
      exact={true}
      id="UnauthenticatedRoute"
      path={
        Array [
          "/login",
        ]
      }
    >
      <div
        id="LoginPage"
      />
    </div>
  </div>
  <div
    id="DefaultLayout"
    path="/*"
  >
    <div
      exact={true}
      id="ReactRouter.Route"
      path="/"
    >
      <div
        id="ReactRouter.Redirect"
        to="/dashboard"
      />
    </div>
    <div
      exact={true}
      id="AuthenticatedRoute"
      path="/dashboard"
    >
      <div
        id="HomePage"
      />
    </div>
    <div
      exact={true}
      id="AuthenticatedRoute"
      path="/empty"
    >
      <div
        id="EmptyPage"
      />
    </div>
    <div
      exact={true}
      id="AuthenticatedRoute"
      path="/empty"
    >
      <div
        id="EmptyPage"
      />
    </div>
    <div
      exact={true}
      id="AuthenticatedRoute"
      path="/empty"
    >
      <div
        id="EmptyPage"
      />
    </div>
    <div
      id="AuthenticatedRoute"
    >
      <div
        id="NotFoundPage"
      />
    </div>
  </div>
  <div
    id="ReactRouter.Route"
  >
    <div
      id="NotFoundPage"
    />
  </div>
</div>
`;
