// Jest Snapshot v1, https://goo.gl/fbAQLP

exports[`routes should render routes schema 1`] = `
<div
  id="ReactRouter.Switch"
>
  <div
    id="PublicLayout"
    path={
      Array [
        "/login",
        "/:realm/login",
        "/createPassword",
        "/:realm/createPassword",
      ]
    }
  >
    <div
      exact={true}
      id="UnauthenticatedRoute"
      path={
        Array [
          "/login",
          "/:realm/login",
        ]
      }
    >
      <div
        id="LoginPage"
      />
    </div>
    <div
      exact={true}
      id="UnauthenticatedRoute"
      path={
        Array [
          "/createPassword",
          "/:realm/createPassword",
        ]
      }
    >
      <div
        id="CreatePasswordPage"
      />
    </div>
  </div>
  <div
    id="DefaultLayout"
    path="/*"
  >
    <div
      exact={true}
      id="ReactRouter.Route"
      path="/"
    >
      <div
        id="ReactRouter.Redirect"
        to="/dashboard"
      />
    </div>
    <div
      exact={true}
      id="AuthenticatedRoute"
      path="/dashboard"
    >
      <div
        id="HomePage"
      />
    </div>
    <div
      exact={true}
      id="AuthenticatedRoute"
      path="/products"
    >
      <div
        id="ProductsListPage"
      />
    </div>
    <div
      exact={true}
      id="AuthenticatedRoute"
      path="/products/:id"
    >
      <div
        id="ProductItemPage"
      />
    </div>
    <div
      exact={true}
      id="AuthenticatedRoute"
      path="/price-functions"
    >
      <div
        id="PriceFunctionsListPage"
      />
    </div>
    <div
      exact={true}
      id="AuthenticatedRoute"
      path="/stores"
    >
      <div
        id="StoresListPage"
      />
    </div>
    <div
      exact={true}
      id="AuthenticatedRoute"
      path="/stores/:id"
    >
      <div
        id="StoreItemPage"
      />
    </div>
    <div
      exact={true}
      id="AuthenticatedRoute"
      path="/productRecommendations"
    >
      <div
        id="ProductRecommendationsListPage"
      />
    </div>
    <div
      exact={true}
      id="AuthenticatedRoute"
      path="/productRecommendations/:id"
    >
      <div
        id="ProductRecommendationsItemPage"
      />
    </div>
    <div
      exact={true}
      id="AuthenticatedRoute"
      path="/empty"
    >
      <div
        id="EmptyPage"
      />
    </div>
    <div
      id="AuthenticatedRoute"
    >
      <div
        id="NotFoundPage"
      />
    </div>
  </div>
  <div
    id="ReactRouter.Route"
  >
    <div
      id="NotFoundPage"
    />
  </div>
</div>
`;
