// Jest Snapshot v1, https://goo.gl/fbAQLP

exports[`components TopBar should render TopBar component 1`] = `
.c0 {
  height: 60px;
  background: #03658C;
  color: #f2f2f2;
  width: 100%;
  box-shadow: 0px 11px 10px -10px rgba(0,0,0,0.58);
  display: -webkit-box;
  display: -webkit-flex;
  display: -ms-flexbox;
  display: flex;
  -webkit-flex-direction: row;
  -ms-flex-direction: row;
  flex-direction: row;
  -webkit-flex-wrap: nowrap;
  -ms-flex-wrap: nowrap;
  flex-wrap: nowrap;
  -webkit-box-pack: start;
  -webkit-justify-content: flex-start;
  -ms-flex-pack: start;
  justify-content: flex-start;
  -webkit-align-content: space-between;
  -ms-flex-line-pack: space-between;
  align-content: space-between;
  -webkit-align-items: flex-start;
  -webkit-box-align: flex-start;
  -ms-flex-align: flex-start;
  align-items: flex-start;
}

<nav
  className="c0"
/>
`;
