// Jest Snapshot v1, https://goo.gl/fbAQLP

exports[`layouts DefaultLayout should render DefaultLayout with children 1`] = `
Array [
  <div
    id="TopBar"
  >
    <div
      id="TopBar.Container"
    >
      <div
        id="Link"
        to="/dashboard"
      >
        <div
          id="LinkButton"
        >
          Home
        </div>
      </div>
    </div>
    <div
      id="TopBar.Container"
    >
      <div
        id="Link"
        to="/empty"
      >
        <div
          id="LinkButton"
        >
          Page 1
        </div>
      </div>
    </div>
    <div
      id="TopBar.Container"
    >
      <div
        id="Link"
        to="/empty"
      >
        <div
          id="LinkButton"
        >
          Page 2
        </div>
      </div>
    </div>
    <div
      id="TopBar.Container"
    >
      <div
        id="LinkButton"
      >
        Switch Theme
      </div>
    </div>
  </div>,
  .c0 {
  padding: 20px;
  height: 100%;
}

<div
    className="c0"
  >
    <div
      id="LayoutBase"
    >
      Some children
    </div>
    <div
      id="Link"
      to="/login"
    >
      <div
        id="LinkButton"
      >
        Login view
      </div>
    </div>
  </div>,
]
`;
